// Jest Snapshot v1, https://goo.gl/fbAQLP

exports[`App component renders the app 1`] = `
<Fragment>
  <Header />
  <WithFetch
    page={1}
  />
</Fragment>
`;
