// Jest Snapshot v1, https://goo.gl/fbAQLP

exports[`Header component renders the header 1`] = `
<h1>
  Futurama Quotes
</h1>
`;
